// Jest Snapshot v1, https://goo.gl/fbAQLP

exports[`TheDate Component renders UI as expected 1`] = `
<div>
  1/28/2020, 3:07:43 PM
</div>
`;
